Command:
  srun --gpu-bind=none -n 1 /home/hlin/hybrid_fixed_v2/lbm_hybrid_cuda_mpi nx=1500 ny=750 re=100 u_in=0.05 steps=60000 block_x=64 block_y=4 pitch_align=32 halo=cuda strict_cuda_aware=1 every=0 out=/home/hlin/hybrid_fixed_v2/scaling/out/hybrid_r1_cuda_nx1500_ny750_s60000_rep1 probe=/dev/null probe_every=0
----
LBM 2D D2Q9 BGK Hybrid MPI+CUDA
  ranks         : 1
  node mode     : intra-node only
  halo mode     : cuda
  CUDA-aware MPI: available (MPIX_Query_cuda_support=1)
  CUDA block    : 64 x 4
  pitch_align   : 32
  grid          : 1500 x 750
  Re            : 100
  u_in          : 0.05
  tau           : 0.55625
  nu            : 0.01875
  Mach          : 0.0866025
  cylinder      : (375, 375), r = 18.75
  steps         : 60000
  output every  : 0 (0 = off)
  output prefix : /home/hlin/hybrid_fixed_v2/scaling/out/hybrid_r1_cuda_nx1500_ny750_s60000_rep1
  probe at      : (525, 375)
  probe every   : 0
  probe csv     : /dev/null
  CUDA-aware note: device pointers are passed directly to MPI; this does not by itself imply NVLink, GPUDirect RDMA, or zero-copy transfer.
  rank layout    : rank 0 -> rows [0, 749], GPU 0;
Wall time: 14.3501 s
MLUPS: 4703.81
Max compute time: 14.332 s
Max halo time: 0 s
Avg compute time: 14.332 s
Avg halo time: 0 s
Max other time: 0.0180513 s
Avg other time: 0.0180513 s
Max halo overhead percent: 0 %
Avg halo overhead percent: 0 %
