Command:
  srun --gpu-bind=none -n 2 /home/hlin/hybrid_fixed_v2/lbm_hybrid_cuda_mpi nx=1600 ny=800 re=100 u_in=0.05 steps=60000 block_x=64 block_y=4 pitch_align=32 halo=cuda strict_cuda_aware=1 every=0 out=/home/hlin/hybrid_fixed_v2/scaling/out/hybrid_r2_cuda_nx1600_ny800_s60000_rep1 probe=/dev/null probe_every=0
----
LBM 2D D2Q9 BGK Hybrid MPI+CUDA
  ranks         : 2
  node mode     : intra-node only
  halo mode     : cuda
  CUDA-aware MPI: available (MPIX_Query_cuda_support=1)
  CUDA block    : 64 x 4
  pitch_align   : 32
  grid          : 1600 x 800
  Re            : 100
  u_in          : 0.05
  tau           : 0.56
  nu            : 0.02
  Mach          : 0.0866025
  cylinder      : (400, 400), r = 20
  steps         : 60000
  output every  : 0 (0 = off)
  output prefix : /home/hlin/hybrid_fixed_v2/scaling/out/hybrid_r2_cuda_nx1600_ny800_s60000_rep1
  probe at      : (560, 400)
  probe every   : 0
  probe csv     : /dev/null
  CUDA-aware note: device pointers are passed directly to MPI; this does not by itself imply NVLink, GPUDirect RDMA, or zero-copy transfer.
  rank layout    : rank 0 -> rows [0, 399], GPU 0; rank 1 -> rows [400, 799], GPU 1;
Wall time: 12.3086 s
MLUPS: 6239.53
Max compute time: 8.83266 s
Max halo time: 3.4587 s
Avg compute time: 8.82435 s
Avg halo time: 3.44559 s
Max other time: 0.043476 s
Avg other time: 0.0386815 s
Max halo overhead percent: 28.0998 %
Avg halo overhead percent: 27.9933 %
