Command:
  srun --gpu-bind=none -n 2 /home/hlin/hybrid_fixed_v2/lbm_hybrid_cuda_mpi nx=6400 ny=3200 re=100 u_in=0.05 steps=60000 block_x=64 block_y=4 pitch_align=32 halo=staged strict_cuda_aware=1 every=0 out=/home/hlin/hybrid_fixed_v2/scaling/out/hybrid_r2_staged_nx6400_ny3200_s60000_rep1 probe=/dev/null probe_every=0
----
LBM 2D D2Q9 BGK Hybrid MPI+CUDA
  ranks         : 2
  node mode     : intra-node only
  halo mode     : staged
  CUDA-aware MPI: available (MPIX_Query_cuda_support=1)
  CUDA block    : 64 x 4
  pitch_align   : 32
  grid          : 6400 x 3200
  Re            : 100
  u_in          : 0.05
  tau           : 0.74
  nu            : 0.08
  Mach          : 0.0866025
  cylinder      : (1600, 1600), r = 80
  steps         : 60000
  output every  : 0 (0 = off)
  output prefix : /home/hlin/hybrid_fixed_v2/scaling/out/hybrid_r2_staged_nx6400_ny3200_s60000_rep1
  probe at      : (2240, 1600)
  probe every   : 0
  probe csv     : /dev/null
  rank layout    : rank 0 -> rows [0, 1599], GPU 0; rank 1 -> rows [1600, 3199], GPU 1;
Wall time: 122.363 s
MLUPS: 10042.3
Max compute time: 116.974 s
Max halo time: 5.36629 s
Avg compute time: 116.968 s
Avg halo time: 5.35673 s
Max other time: 0.0419723 s
Avg other time: 0.0377734 s
Max halo overhead percent: 4.38555 %
Avg halo overhead percent: 4.37773 %
