Command:
  srun --gpu-bind=none -n 2 /home/hlin/hybrid_fixed_v2/lbm_hybrid_cuda_mpi nx=1500 ny=750 re=100 u_in=0.05 steps=60000 block_x=64 block_y=4 pitch_align=32 halo=staged strict_cuda_aware=1 every=0 out=/home/hlin/hybrid_fixed_v2/scaling/out/hybrid_r2_staged_nx1500_ny750_s60000_rep1 probe=/dev/null probe_every=0
----
LBM 2D D2Q9 BGK Hybrid MPI+CUDA
  ranks         : 2
  node mode     : intra-node only
  halo mode     : staged
  CUDA-aware MPI: available (MPIX_Query_cuda_support=1)
  CUDA block    : 64 x 4
  pitch_align   : 32
  grid          : 1500 x 750
  Re            : 100
  u_in          : 0.05
  tau           : 0.55625
  nu            : 0.01875
  Mach          : 0.0866025
  cylinder      : (375, 375), r = 18.75
  steps         : 60000
  output every  : 0 (0 = off)
  output prefix : /home/hlin/hybrid_fixed_v2/scaling/out/hybrid_r2_staged_nx1500_ny750_s60000_rep1
  probe at      : (525, 375)
  probe every   : 0
  probe csv     : /dev/null
  rank layout    : rank 0 -> rows [0, 374], GPU 0; rank 1 -> rows [375, 749], GPU 1;
Wall time: 11.5309 s
MLUPS: 5853.83
Max compute time: 7.95942 s
Max halo time: 3.55516 s
Avg compute time: 7.95443 s
Avg halo time: 3.54391 s
Max other time: 0.0388225 s
Avg other time: 0.0325655 s
Max halo overhead percent: 30.8315 %
Avg halo overhead percent: 30.734 %
