Command:
  srun --gpu-bind=none -n 2 /home/hlin/hybrid_fixed_v2/lbm_hybrid_cuda_mpi nx=3200 ny=1600 re=100 u_in=0.05 steps=60000 block_x=64 block_y=4 pitch_align=32 halo=cuda strict_cuda_aware=1 every=0 out=/home/hlin/hybrid_fixed_v2/scaling/out/hybrid_r2_cuda_nx3200_ny1600_s60000_rep1 probe=/dev/null probe_every=0
----
LBM 2D D2Q9 BGK Hybrid MPI+CUDA
  ranks         : 2
  node mode     : intra-node only
  halo mode     : cuda
  CUDA-aware MPI: available (MPIX_Query_cuda_support=1)
  CUDA block    : 64 x 4
  pitch_align   : 32
  grid          : 3200 x 1600
  Re            : 100
  u_in          : 0.05
  tau           : 0.62
  nu            : 0.04
  Mach          : 0.0866025
  cylinder      : (800, 800), r = 40
  steps         : 60000
  output every  : 0 (0 = off)
  output prefix : /home/hlin/hybrid_fixed_v2/scaling/out/hybrid_r2_cuda_nx3200_ny1600_s60000_rep1
  probe at      : (1120, 800)
  probe every   : 0
  probe csv     : /dev/null
  CUDA-aware note: device pointers are passed directly to MPI; this does not by itself imply NVLink, GPUDirect RDMA, or zero-copy transfer.
  rank layout    : rank 0 -> rows [0, 799], GPU 0; rank 1 -> rows [800, 1599], GPU 1;
Wall time: 33.9015 s
MLUPS: 9061.55
Max compute time: 30.0986 s
Max halo time: 3.80703 s
Avg compute time: 30.0813 s
Avg halo time: 3.78187 s
Max other time: 0.0461194 s
Avg other time: 0.038324 s
Max halo overhead percent: 11.2297 %
Avg halo overhead percent: 11.1555 %
