Command:
  srun --gpu-bind=none -n 2 /home/hlin/hybrid_fixed_v2/lbm_hybrid_cuda_mpi nx=800 ny=400 re=100 u_in=0.05 steps=60000 block_x=64 block_y=4 pitch_align=32 halo=cuda strict_cuda_aware=1 every=0 out=/home/hlin/hybrid_fixed_v2/scaling/out/hybrid_r2_cuda_nx800_ny400_s60000_rep1 probe=/dev/null probe_every=0
----
LBM 2D D2Q9 BGK Hybrid MPI+CUDA
  ranks         : 2
  node mode     : intra-node only
  halo mode     : cuda
  CUDA-aware MPI: available (MPIX_Query_cuda_support=1)
  CUDA block    : 64 x 4
  pitch_align   : 32
  grid          : 800 x 400
  Re            : 100
  u_in          : 0.05
  tau           : 0.53
  nu            : 0.01
  Mach          : 0.0866025
  cylinder      : (200, 200), r = 10
  steps         : 60000
  output every  : 0 (0 = off)
  output prefix : /home/hlin/hybrid_fixed_v2/scaling/out/hybrid_r2_cuda_nx800_ny400_s60000_rep1
  probe at      : (280, 200)
  probe every   : 0
  probe csv     : /dev/null
  CUDA-aware note: device pointers are passed directly to MPI; this does not by itself imply NVLink, GPUDirect RDMA, or zero-copy transfer.
  rank layout    : rank 0 -> rows [0, 199], GPU 0; rank 1 -> rows [200, 399], GPU 1;
Wall time: 6.78093 s
MLUPS: 2831.47
Max compute time: 3.43503 s
Max halo time: 3.32685 s
Avg compute time: 3.42679 s
Avg halo time: 3.31417 s
Max other time: 0.0444113 s
Avg other time: 0.0399743 s
Max halo overhead percent: 49.0619 %
Avg halo overhead percent: 48.8749 %
