LBM 2D D2Q9 BGK MPI
  ranks         : 32
  decomposition : 1D row-block
  communication : non-blocking halo exchange
  grid          : 1200 x 600
  Re            : 100
  u_in          : 0.05
  tau           : 0.545
  cylinder      : (300, 300), r = 15
  steps         : 60000
  output every  : 0 (0 = off)
  output prefix : out/lbm
  probe at      : (420, 300)
  probe csv     : /dev/null
Wall time max       : 61.4116 s
Wall time avg       : 61.4093 s
Compute time max    : 59.2237 s
Compute time avg    : 54.281 s
Comm time max       : 9.93749 s
Comm time avg       : 7.1102 s
Comm fraction max   : 16.1828 %
Comm fraction avg   : 11.5784 %
Comm/max_total      : 16.1818 %
Comm/max_compute    : 16.7796 %
MLUPS               : 703.451
