LBM 2D D2Q9 BGK MPI
  ranks         : 128
  decomposition : 1D row-block
  communication : non-blocking halo exchange
  grid          : 1600 x 800
  Re            : 100
  u_in          : 0.05
  tau           : 0.56
  cylinder      : (400, 400), r = 20
  steps         : 60000
  output every  : 0 (0 = off)
  output prefix : out/lbm
  probe at      : (560, 400)
  probe csv     : /dev/null
Wall time max       : 29.8538 s
Wall time avg       : 29.8471 s
Compute time max    : 27.6191 s
Compute time avg    : 24.6503 s
Comm time max       : 6.2186 s
Comm time avg       : 5.18254 s
Comm fraction max   : 20.8312 %
Comm fraction avg   : 17.3641 %
Comm/max_total      : 20.8301 %
Comm/max_compute    : 22.5156 %
MLUPS               : 2572.53
