LBM 2D D2Q9 BGK MPI
  ranks         : 32
  decomposition : 1D row-block
  communication : non-blocking halo exchange
  grid          : 800 x 400
  Re            : 100
  u_in          : 0.05
  tau           : 0.53
  cylinder      : (200, 200), r = 10
  steps         : 60000
  output every  : 0 (0 = off)
  output prefix : out/lbm
  probe at      : (280, 200)
  probe csv     : /dev/null
Wall time max       : 31.724 s
Wall time avg       : 31.723 s
Compute time max    : 29.1252 s
Compute time avg    : 25.2174 s
Comm time max       : 8.7333 s
Comm time avg       : 6.48584 s
Comm fraction max   : 27.5301 %
Comm fraction avg   : 20.4453 %
Comm/max_total      : 27.529 %
Comm/max_compute    : 29.9853 %
MLUPS               : 605.22
