srun: warning: can't run 4 processes on 8 nodes, setting nnodes to 4
LBM 2D D2Q9 BGK MPI
  ranks         : 4
  decomposition : 1D row-block
  communication : non-blocking halo exchange
  grid          : 1600 x 800
  Re            : 100
  u_in          : 0.05
  tau           : 0.56
  cylinder      : (400, 400), r = 20
  steps         : 60000
  output every  : 0 (0 = off)
  output prefix : out/lbm
  probe at      : (560, 400)
  probe csv     : /dev/null
Wall time max       : 966.892 s
Wall time avg       : 966.891 s
Compute time max    : 962.244 s
Compute time avg    : 850.324 s
Comm time max       : 163.595 s
Comm time avg       : 116.53 s
Comm fraction max   : 16.9197 %
Comm fraction avg   : 12.052 %
Comm/max_total      : 16.9197 %
Comm/max_compute    : 17.0014 %
MLUPS               : 79.4297
