LBM 2D D2Q9 BGK MPI
  ranks         : 256
  decomposition : 1D row-block
  communication : non-blocking halo exchange
  grid          : 800 x 400
  Re            : 100
  u_in          : 0.05
  tau           : 0.53
  cylinder      : (200, 200), r = 10
  steps         : 60000
  output every  : 0 (0 = off)
  output prefix : out/lbm
  probe at      : (280, 200)
  probe csv     : /dev/null
Wall time max       : 6.73972 s
Wall time avg       : 6.73601 s
Compute time max    : 4.54775 s
Compute time avg    : 3.37923 s
Comm time max       : 4.77376 s
Comm time avg       : 3.33503 s
Comm fraction max   : 70.8496 %
Comm fraction avg   : 49.5128 %
Comm/max_total      : 70.8303 %
Comm/max_compute    : 104.97 %
MLUPS               : 2848.78
