LBM 2D D2Q9 BGK MPI
  ranks         : 32
  decomposition : 1D row-block
  communication : non-blocking halo exchange
  grid          : 1600 x 800
  Re            : 100
  u_in          : 0.05
  tau           : 0.56
  cylinder      : (400, 400), r = 20
  steps         : 60000
  output every  : 0 (0 = off)
  output prefix : out/lbm
  probe at      : (560, 400)
  probe csv     : /dev/null
Wall time max       : 121.544 s
Wall time avg       : 121.54 s
Compute time max    : 117.119 s
Compute time avg    : 96.9776 s
Comm time max       : 26.6427 s
Comm time avg       : 24.5436 s
Comm fraction max   : 21.9202 %
Comm fraction avg   : 20.1939 %
Comm/max_total      : 21.9202 %
Comm/max_compute    : 22.7483 %
MLUPS               : 631.871
