LBM 2D D2Q9 BGK MPI
  ranks         : 16
  decomposition : 1D row-block
  communication : non-blocking halo exchange
  grid          : 1200 x 600
  Re            : 100
  u_in          : 0.05
  tau           : 0.545
  cylinder      : (300, 300), r = 15
  steps         : 60000
  output every  : 0 (0 = off)
  output prefix : out/lbm
  probe at      : (420, 300)
  probe csv     : /dev/null
Wall time max       : 121.677 s
Wall time avg       : 121.675 s
Compute time max    : 119.192 s
Compute time avg    : 108.666 s
Comm time max       : 16.1208 s
Comm time avg       : 12.9912 s
Comm fraction max   : 13.2492 %
Comm fraction avg   : 10.677 %
Comm/max_total      : 13.2488 %
Comm/max_compute    : 13.5251 %
MLUPS               : 355.038
