srun: warning: can't run 4 processes on 8 nodes, setting nnodes to 4
LBM 2D D2Q9 BGK MPI
  ranks         : 4
  decomposition : 1D row-block
  communication : non-blocking halo exchange
  grid          : 1200 x 600
  Re            : 100
  u_in          : 0.05
  tau           : 0.545
  cylinder      : (300, 300), r = 15
  steps         : 60000
  output every  : 0 (0 = off)
  output prefix : out/lbm
  probe at      : (420, 300)
  probe csv     : /dev/null
Wall time max       : 444.704 s
Wall time avg       : 444.704 s
Compute time max    : 442.585 s
Compute time avg    : 439.222 s
Comm time max       : 7.14301 s
Comm time avg       : 5.46265 s
Comm fraction max   : 1.60624 %
Comm fraction avg   : 1.22838 %
Comm/max_total      : 1.60624 %
Comm/max_compute    : 1.61393 %
MLUPS               : 97.1433
