srun: warning: can't run 1 processes on 8 nodes, setting nnodes to 1
LBM 2D D2Q9 BGK MPI
  ranks         : 1
  decomposition : 1D row-block
  communication : non-blocking halo exchange
  grid          : 1600 x 800
  Re            : 100
  u_in          : 0.05
  tau           : 0.56
  cylinder      : (400, 400), r = 20
  steps         : 60000
  output every  : 0 (0 = off)
  output prefix : out/lbm
  probe at      : (560, 400)
  probe csv     : /dev/null
Wall time max       : 3335.25 s
Wall time avg       : 3335.25 s
Compute time max    : 3334.65 s
Compute time avg    : 3334.65 s
Comm time max       : 0.553482 s
Comm time avg       : 0.553482 s
Comm fraction max   : 0.0165949 %
Comm fraction avg   : 0.0165949 %
Comm/max_total      : 0.0165949 %
Comm/max_compute    : 0.0165979 %
MLUPS               : 23.0268
